I'm sorry, but errors were detected in your script. Please correct the
errors listed below, and try again.


File "game/script.rpy", line 429: Tab characters are not allowed in Ren'Py scripts.

Ren'Py Version: Ren'Py 8.1.3.23091805
Thu Jan 18 14:47:07 2024
